src/components/Admin/Footer.tsx(3,44): error TS6133: 'Stack' is declared but its value is never read.
src/components/Admin/Footer.tsx(25,12): error TS2769: No overload matches this call.
  Overload 1 of 2, '(props: { component: ElementType<any, keyof IntrinsicElements>; } & GridBaseProps & { sx?: SxProps<Theme> | undefined; } & SystemProps<...> & Omit<...>): Element | null', gave the following error.
    Property 'component' is missing in type '{ children: Element; item: true; xs: number; md: number; }' but required in type '{ component: ElementType<any, keyof IntrinsicElements>; }'.
  Overload 2 of 2, '(props: DefaultComponentProps<GridTypeMap<{}, "div">>): Element | null', gave the following error.
    Type '{ children: Element; item: true; xs: number; md: number; }' is not assignable to type 'IntrinsicAttributes & GridBaseProps & { sx?: SxProps<Theme> | undefined; } & SystemProps<Theme> & Omit<...>'.
      Property 'item' does not exist on type 'IntrinsicAttributes & GridBaseProps & { sx?: SxProps<Theme> | undefined; } & SystemProps<Theme> & Omit<...>'.
src/components/Admin/Footer.tsx(61,12): error TS2769: No overload matches this call.
  Overload 1 of 2, '(props: { component: ElementType<any, keyof IntrinsicElements>; } & GridBaseProps & { sx?: SxProps<Theme> | undefined; } & SystemProps<...> & Omit<...>): Element | null', gave the following error.
    Property 'component' is missing in type '{ children: Element; item: true; xs: number; md: number; }' but required in type '{ component: ElementType<any, keyof IntrinsicElements>; }'.
  Overload 2 of 2, '(props: DefaultComponentProps<GridTypeMap<{}, "div">>): Element | null', gave the following error.
    Type '{ children: Element; item: true; xs: number; md: number; }' is not assignable to type 'IntrinsicAttributes & GridBaseProps & { sx?: SxProps<Theme> | undefined; } & SystemProps<Theme> & Omit<...>'.
      Property 'item' does not exist on type 'IntrinsicAttributes & GridBaseProps & { sx?: SxProps<Theme> | undefined; } & SystemProps<Theme> & Omit<...>'.
src/components/Admin/Footer.tsx(94,12): error TS2769: No overload matches this call.
  Overload 1 of 2, '(props: { component: ElementType<any, keyof IntrinsicElements>; } & GridBaseProps & { sx?: SxProps<Theme> | undefined; } & SystemProps<...> & Omit<...>): Element | null', gave the following error.
    Property 'component' is missing in type '{ children: Element; item: true; xs: number; md: number; }' but required in type '{ component: ElementType<any, keyof IntrinsicElements>; }'.
  Overload 2 of 2, '(props: DefaultComponentProps<GridTypeMap<{}, "div">>): Element | null', gave the following error.
    Type '{ children: Element; item: true; xs: number; md: number; }' is not assignable to type 'IntrinsicAttributes & GridBaseProps & { sx?: SxProps<Theme> | undefined; } & SystemProps<Theme> & Omit<...>'.
      Property 'item' does not exist on type 'IntrinsicAttributes & GridBaseProps & { sx?: SxProps<Theme> | undefined; } & SystemProps<Theme> & Omit<...>'.
src/components/Admin/Header.tsx(11,7): error TS6133: 'menuItems' is declared but its value is never read.
src/components/Admin/SideBar.tsx(1,1): error TS6133: 'useState' is declared but its value is never read.
src/components/Customer/Footer.tsx(3,44): error TS6133: 'Stack' is declared but its value is never read.
src/components/Customer/Footer.tsx(25,12): error TS2769: No overload matches this call.
  Overload 1 of 2, '(props: { component: ElementType<any, keyof IntrinsicElements>; } & GridBaseProps & { sx?: SxProps<Theme> | undefined; } & SystemProps<...> & Omit<...>): Element | null', gave the following error.
    Property 'component' is missing in type '{ children: Element; item: true; xs: number; md: number; }' but required in type '{ component: ElementType<any, keyof IntrinsicElements>; }'.
  Overload 2 of 2, '(props: DefaultComponentProps<GridTypeMap<{}, "div">>): Element | null', gave the following error.
    Type '{ children: Element; item: true; xs: number; md: number; }' is not assignable to type 'IntrinsicAttributes & GridBaseProps & { sx?: SxProps<Theme> | undefined; } & SystemProps<Theme> & Omit<...>'.
      Property 'item' does not exist on type 'IntrinsicAttributes & GridBaseProps & { sx?: SxProps<Theme> | undefined; } & SystemProps<Theme> & Omit<...>'.
src/components/Customer/Footer.tsx(61,12): error TS2769: No overload matches this call.
  Overload 1 of 2, '(props: { component: ElementType<any, keyof IntrinsicElements>; } & GridBaseProps & { sx?: SxProps<Theme> | undefined; } & SystemProps<...> & Omit<...>): Element | null', gave the following error.
    Property 'component' is missing in type '{ children: Element; item: true; xs: number; md: number; }' but required in type '{ component: ElementType<any, keyof IntrinsicElements>; }'.
  Overload 2 of 2, '(props: DefaultComponentProps<GridTypeMap<{}, "div">>): Element | null', gave the following error.
    Type '{ children: Element; item: true; xs: number; md: number; }' is not assignable to type 'IntrinsicAttributes & GridBaseProps & { sx?: SxProps<Theme> | undefined; } & SystemProps<Theme> & Omit<...>'.
      Property 'item' does not exist on type 'IntrinsicAttributes & GridBaseProps & { sx?: SxProps<Theme> | undefined; } & SystemProps<Theme> & Omit<...>'.
src/components/Customer/Footer.tsx(94,12): error TS2769: No overload matches this call.
  Overload 1 of 2, '(props: { component: ElementType<any, keyof IntrinsicElements>; } & GridBaseProps & { sx?: SxProps<Theme> | undefined; } & SystemProps<...> & Omit<...>): Element | null', gave the following error.
    Property 'component' is missing in type '{ children: Element; item: true; xs: number; md: number; }' but required in type '{ component: ElementType<any, keyof IntrinsicElements>; }'.
  Overload 2 of 2, '(props: DefaultComponentProps<GridTypeMap<{}, "div">>): Element | null', gave the following error.
    Type '{ children: Element; item: true; xs: number; md: number; }' is not assignable to type 'IntrinsicAttributes & GridBaseProps & { sx?: SxProps<Theme> | undefined; } & SystemProps<Theme> & Omit<...>'.
      Property 'item' does not exist on type 'IntrinsicAttributes & GridBaseProps & { sx?: SxProps<Theme> | undefined; } & SystemProps<Theme> & Omit<...>'.
src/components/Customer/SideBar.tsx(1,1): error TS6133: 'useState' is declared but its value is never read.
src/pages/Admin/Dashboard/components/ProductView.tsx(97,15): error TS2322: Type '(value: number) => string' is not assignable to type 'Formatter<number, NameType>'.
  Types of parameters 'value' and 'value' are incompatible.
    Type 'number | undefined' is not assignable to type 'number'.
      Type 'undefined' is not assignable to type 'number'.
src/pages/Admin/Dashboard/components/StockStatus.tsx(1,1): error TS6133: 'React' is declared but its value is never read.
src/pages/Admin/Orders/components/FiltersModal.tsx(10,3): error TS6133: 'FormControl' is declared but its value is never read.
src/pages/Admin/Orders/constants.ts(1,1): error TS6133: 'Pending' is declared but its value is never read.
src/pages/Admin/Post/components/PostFilter.tsx(217,3): error TS6133: 'onFilter' is declared but its value is never read.
src/pages/Admin/Post/utils.ts(2,1): error TS6133: 'Post' is declared but its value is never read.
src/pages/Admin/Products/components/ColorEditModal.tsx(24,11): error TS6133: 'SaveIcon' is declared but its value is never read.
src/pages/Admin/Products/components/ColorEditModal.tsx(103,45): error TS2559: Type 'FormData' has no properties in common with type 'Partial<Colors>'.
src/pages/Admin/Products/components/ColorEditModal.tsx(106,42): error TS2345: Argument of type 'FormData' is not assignable to parameter of type '{ size: string; color: string; price: number; stock: number; avatar: string; }'.
  Type 'FormData' is missing the following properties from type '{ size: string; color: string; price: number; stock: number; avatar: string; }': size, color, price, stock, avatar
src/pages/Admin/Products/components/ProductCreateModal.tsx(4,3): error TS6133: 'DialogTitle' is declared but its value is never read.
src/pages/Admin/Products/components/ProductCreateModal.tsx(15,3): error TS6133: 'Avatar' is declared but its value is never read.
src/pages/Admin/Products/components/ProductCreateModal.tsx(20,13): error TS6133: 'AddBoxIcon' is declared but its value is never read.
src/pages/Admin/Products/components/ProductCreateModal.tsx(64,64): error TS2339: Property 'data' does not exist on type 'never'.
src/pages/Admin/Products/components/ProductCreateModal.tsx(144,27): error TS2345: Argument of type 'FormData' is not assignable to parameter of type 'Omit<Product, "id">'.
  Type 'FormData' is missing the following properties from type 'Omit<Product, "id">': code, title, category, avatar, and 2 more.
src/pages/Admin/Products/components/ProductEditModal.tsx(5,3): error TS6133: 'DialogActions' is declared but its value is never read.
src/pages/Admin/Products/components/ProductEditModal.tsx(80,28): error TS2339: Property 'data' does not exist on type 'string[]'.
src/pages/Admin/Products/components/ProductEditModal.tsx(99,26): error TS2339: Property 'sizes' does not exist on type 'Product'.
src/pages/Admin/Products/components/ProductEditModal.tsx(155,46): error TS2559: Type 'FormData' has no properties in common with type 'Partial<Product>'.
src/pages/Admin/Products/components/ProductFiltersModal.tsx(50,27): error TS2339: Property 'data' does not exist on type 'string[]'.
src/pages/Admin/Products/components/ProductTable.tsx(46,9): error TS6133: 'handleDelete' is declared but its value is never read.
src/pages/Admin/Products/components/ProductTable.tsx(90,51): error TS2339: Property 'id' does not exist on type 'Product'.
src/pages/Admin/Products/components/ProductTable.tsx(91,41): error TS2339: Property 'sizes' does not exist on type 'Product'.
src/pages/Admin/Products/components/ProductTable.tsx(95,53): error TS2339: Property 'id' does not exist on type 'Product'.
src/pages/Admin/Products/components/ProductTable.tsx(102,30): error TS2339: Property 'id' does not exist on type 'Product'.
src/pages/Admin/Products/components/ProductTable.tsx(152,46): error TS2339: Property 'id' does not exist on type 'Product'.
src/pages/Admin/Products/components/ProductTable.tsx(157,28): error TS2339: Property 'sizes' does not exist on type 'Product'.
src/pages/Admin/Products/components/ProductTable.tsx(157,39): error TS7006: Parameter 's' implicitly has an 'any' type.
src/pages/Admin/Products/components/ProductTable.tsx(157,42): error TS7006: Parameter 'idx' implicitly has an 'any' type.
src/pages/Admin/Products/components/ProductTable.tsx(167,44): error TS7006: Parameter 'c' implicitly has an 'any' type.
src/pages/Admin/Products/components/ProductTable.tsx(167,47): error TS7006: Parameter 'idx' implicitly has an 'any' type.
src/pages/Admin/Products/components/ProductTable.tsx(171,68): error TS2339: Property 'id' does not exist on type 'Product'.
src/pages/Admin/Products/components/ProductTable.tsx(179,51): error TS2339: Property 'id' does not exist on type 'Product'.
src/pages/Admin/Products/Products.tsx(2,47): error TS6133: 'Stack' is declared but its value is never read.
src/pages/Admin/Products/Products.tsx(80,5): error TS6133: 'sIdx' is declared but its value is never read.
src/pages/Admin/Products/Products.tsx(206,9): error TS2322: Type '{ open: boolean; onClose: () => void; categoryFilter: string; setCategoryFilter: Dispatch<SetStateAction<string>>; priceRange: [number, number]; setPriceRange: Dispatch<...>; onClear: () => void; }' is not assignable to type 'IntrinsicAttributes & Props'.
  Property 'priceRange' does not exist on type 'IntrinsicAttributes & Props'.
src/pages/Admin/Promotions/components/FilterSection.tsx(17,3): error TS6133: 'onSearch' is declared but its value is never read.
src/pages/Admin/Promotions/components/FilterSection.tsx(18,3): error TS6133: 'onCreate' is declared but its value is never read.
src/pages/Admin/Promotions/components/PromotionFilterModal.tsx(92,16): error TS2769: No overload matches this call.
  Overload 1 of 2, '(props: { component: ElementType<any, keyof IntrinsicElements>; } & GridBaseProps & { sx?: SxProps<Theme> | undefined; } & SystemProps<...> & Omit<...>): Element | null', gave the following error.
    Property 'component' is missing in type '{ children: Element; item: true; xs: number; }' but required in type '{ component: ElementType<any, keyof IntrinsicElements>; }'.
  Overload 2 of 2, '(props: DefaultComponentProps<GridTypeMap<{}, "div">>): Element | null', gave the following error.
    Type '{ children: Element; item: true; xs: number; }' is not assignable to type 'IntrinsicAttributes & GridBaseProps & { sx?: SxProps<Theme> | undefined; } & SystemProps<Theme> & Omit<...>'.
      Property 'item' does not exist on type 'IntrinsicAttributes & GridBaseProps & { sx?: SxProps<Theme> | undefined; } & SystemProps<Theme> & Omit<...>'.
src/pages/Admin/Promotions/components/PromotionFilterModal.tsx(101,16): error TS2769: No overload matches this call.
  Overload 1 of 2, '(props: { component: ElementType<any, keyof IntrinsicElements>; } & GridBaseProps & { sx?: SxProps<Theme> | undefined; } & SystemProps<...> & Omit<...>): Element | null', gave the following error.
    Property 'component' is missing in type '{ children: Element; item: true; xs: number; }' but required in type '{ component: ElementType<any, keyof IntrinsicElements>; }'.
  Overload 2 of 2, '(props: DefaultComponentProps<GridTypeMap<{}, "div">>): Element | null', gave the following error.
    Type '{ children: Element; item: true; xs: number; }' is not assignable to type 'IntrinsicAttributes & GridBaseProps & { sx?: SxProps<Theme> | undefined; } & SystemProps<Theme> & Omit<...>'.
      Property 'item' does not exist on type 'IntrinsicAttributes & GridBaseProps & { sx?: SxProps<Theme> | undefined; } & SystemProps<Theme> & Omit<...>'.
src/pages/Admin/Promotions/components/PromotionList.tsx(115,27): error TS2551: Property 'startedAt' does not exist on type 'Promotion'. Did you mean 'startDate'?
src/pages/Admin/Promotions/components/PromotionList.tsx(116,39): error TS2551: Property 'startedAt' does not exist on type 'Promotion'. Did you mean 'startDate'?
src/pages/Admin/Promotions/components/PromotionList.tsx(120,27): error TS2339: Property 'expiredAt' does not exist on type 'Promotion'.
src/pages/Admin/Promotions/components/PromotionList.tsx(121,39): error TS2339: Property 'expiredAt' does not exist on type 'Promotion'.
src/pages/Admin/Promotions/components/PromotionList.tsx(130,25): error TS2339: Property 'stock' does not exist on type 'Promotion'.
src/pages/Admin/Promotions/components/PromotionList.tsx(145,48): error TS2339: Property 'active' does not exist on type 'Promotion'.
src/pages/Admin/Promotions/components/PromotionList.tsx(150,20): error TS7053: Element implicitly has an 'any' type because expression of type 'any' can't be used to index type '{ active: string; upcoming: string; expired: string; inactive: string; }'.
src/pages/Admin/Promotions/components/PromotionList.tsx(150,36): error TS2339: Property 'active' does not exist on type 'Promotion'.
src/pages/Admin/Promotions/components/PromotionList.tsx(167,48): error TS2339: Property '_id' does not exist on type 'Promotion'.
src/pages/Admin/Promotions/components/PromotionModal.tsx(75,31): error TS2339: Property 'stock' does not exist on type 'Promotion'.
src/pages/Admin/Promotions/components/PromotionModal.tsx(78,32): error TS2551: Property 'startedAt' does not exist on type 'Promotion'. Did you mean 'startDate'?
src/pages/Admin/Promotions/components/PromotionModal.tsx(79,30): error TS2339: Property 'expiredAt' does not exist on type 'Promotion'.
src/pages/Admin/Promotions/components/PromotionModal.tsx(80,29): error TS2339: Property 'active' does not exist on type 'Promotion'.
src/pages/Admin/Promotions/components/PromotionModal.tsx(170,14): error TS2769: No overload matches this call.
  Overload 1 of 2, '(props: { component: ElementType<any, keyof IntrinsicElements>; } & GridBaseProps & { sx?: SxProps<Theme> | undefined; } & SystemProps<...> & Omit<...>): Element | null', gave the following error.
    Property 'component' is missing in type '{ children: Element[]; item: true; xs: number; }' but required in type '{ component: ElementType<any, keyof IntrinsicElements>; }'.
  Overload 2 of 2, '(props: DefaultComponentProps<GridTypeMap<{}, "div">>): Element | null', gave the following error.
    Type '{ children: Element[]; item: true; xs: number; }' is not assignable to type 'IntrinsicAttributes & GridBaseProps & { sx?: SxProps<Theme> | undefined; } & SystemProps<Theme> & Omit<...>'.
      Property 'item' does not exist on type 'IntrinsicAttributes & GridBaseProps & { sx?: SxProps<Theme> | undefined; } & SystemProps<Theme> & Omit<...>'.
src/pages/Admin/Promotions/components/PromotionModal.tsx(182,14): error TS2769: No overload matches this call.
  Overload 1 of 2, '(props: { component: ElementType<any, keyof IntrinsicElements>; } & GridBaseProps & { sx?: SxProps<Theme> | undefined; } & SystemProps<...> & Omit<...>): Element | null', gave the following error.
    Property 'component' is missing in type '{ children: Element[]; item: true; xs: number; }' but required in type '{ component: ElementType<any, keyof IntrinsicElements>; }'.
  Overload 2 of 2, '(props: DefaultComponentProps<GridTypeMap<{}, "div">>): Element | null', gave the following error.
    Type '{ children: Element[]; item: true; xs: number; }' is not assignable to type 'IntrinsicAttributes & GridBaseProps & { sx?: SxProps<Theme> | undefined; } & SystemProps<Theme> & Omit<...>'.
      Property 'item' does not exist on type 'IntrinsicAttributes & GridBaseProps & { sx?: SxProps<Theme> | undefined; } & SystemProps<Theme> & Omit<...>'.
src/pages/Admin/Promotions/components/PromotionModal.tsx(195,14): error TS2769: No overload matches this call.
  Overload 1 of 2, '(props: { component: ElementType<any, keyof IntrinsicElements>; } & GridBaseProps & { sx?: SxProps<Theme> | undefined; } & SystemProps<...> & Omit<...>): Element | null', gave the following error.
    Property 'component' is missing in type '{ children: Element[]; item: true; xs: number; }' but required in type '{ component: ElementType<any, keyof IntrinsicElements>; }'.
  Overload 2 of 2, '(props: DefaultComponentProps<GridTypeMap<{}, "div">>): Element | null', gave the following error.
    Type '{ children: Element[]; item: true; xs: number; }' is not assignable to type 'IntrinsicAttributes & GridBaseProps & { sx?: SxProps<Theme> | undefined; } & SystemProps<Theme> & Omit<...>'.
      Property 'item' does not exist on type 'IntrinsicAttributes & GridBaseProps & { sx?: SxProps<Theme> | undefined; } & SystemProps<Theme> & Omit<...>'.
src/pages/Admin/Promotions/components/PromotionModal.tsx(205,14): error TS2769: No overload matches this call.
  Overload 1 of 2, '(props: { component: ElementType<any, keyof IntrinsicElements>; } & GridBaseProps & { sx?: SxProps<Theme> | undefined; } & SystemProps<...> & Omit<...>): Element | null', gave the following error.
    Property 'component' is missing in type '{ children: Element[]; item: true; xs: number; }' but required in type '{ component: ElementType<any, keyof IntrinsicElements>; }'.
  Overload 2 of 2, '(props: DefaultComponentProps<GridTypeMap<{}, "div">>): Element | null', gave the following error.
    Type '{ children: Element[]; item: true; xs: number; }' is not assignable to type 'IntrinsicAttributes & GridBaseProps & { sx?: SxProps<Theme> | undefined; } & SystemProps<Theme> & Omit<...>'.
      Property 'item' does not exist on type 'IntrinsicAttributes & GridBaseProps & { sx?: SxProps<Theme> | undefined; } & SystemProps<Theme> & Omit<...>'.
src/pages/Admin/Promotions/components/PromotionModal.tsx(265,16): error TS2769: No overload matches this call.
  Overload 1 of 2, '(props: { component: ElementType<any, keyof IntrinsicElements>; } & GridBaseProps & { sx?: SxProps<Theme> | undefined; } & SystemProps<...> & Omit<...>): Element | null', gave the following error.
    Property 'component' is missing in type '{ children: Element; item: true; xs: number; }' but required in type '{ component: ElementType<any, keyof IntrinsicElements>; }'.
  Overload 2 of 2, '(props: DefaultComponentProps<GridTypeMap<{}, "div">>): Element | null', gave the following error.
    Type '{ children: Element; item: true; xs: number; }' is not assignable to type 'IntrinsicAttributes & GridBaseProps & { sx?: SxProps<Theme> | undefined; } & SystemProps<Theme> & Omit<...>'.
      Property 'item' does not exist on type 'IntrinsicAttributes & GridBaseProps & { sx?: SxProps<Theme> | undefined; } & SystemProps<Theme> & Omit<...>'.
src/pages/Admin/Promotions/components/PromotionModal.tsx(275,16): error TS2769: No overload matches this call.
  Overload 1 of 2, '(props: { component: ElementType<any, keyof IntrinsicElements>; } & GridBaseProps & { sx?: SxProps<Theme> | undefined; } & SystemProps<...> & Omit<...>): Element | null', gave the following error.
    Property 'component' is missing in type '{ children: Element; item: true; xs: number; }' but required in type '{ component: ElementType<any, keyof IntrinsicElements>; }'.
  Overload 2 of 2, '(props: DefaultComponentProps<GridTypeMap<{}, "div">>): Element | null', gave the following error.
    Type '{ children: Element; item: true; xs: number; }' is not assignable to type 'IntrinsicAttributes & GridBaseProps & { sx?: SxProps<Theme> | undefined; } & SystemProps<Theme> & Omit<...>'.
      Property 'item' does not exist on type 'IntrinsicAttributes & GridBaseProps & { sx?: SxProps<Theme> | undefined; } & SystemProps<Theme> & Omit<...>'.
src/pages/Admin/Promotions/constants.ts(15,5): error TS2322: Type '"Hoß║ít ─æß╗Öng"' is not assignable to type 'PromotionStatus'.
src/pages/Admin/Promotions/constants.ts(28,5): error TS2322: Type '"Tß║ím dß╗½ng"' is not assignable to type 'PromotionStatus'.
src/pages/Admin/Promotions/constants.ts(41,5): error TS2322: Type '"Hß║┐t hß║ín"' is not assignable to type 'PromotionStatus'.
src/pages/Admin/Promotions/Promotions.tsx(1,38): error TS6133: 'useMemo' is declared but its value is never read.
src/pages/Admin/Promotions/Promotions.tsx(82,28): error TS2339: Property '_id' does not exist on type 'Promotion'.
src/pages/Admin/Promotions/Promotions.tsx(179,12): error TS2741: Property 'onCreate' is missing in type '{ filters: PromotionFilterState; setFilters: (f: SetStateAction<PromotionFilterState>) => void; onSearch: () => Promise<void>; }' but required in type 'FilterSectionProps'.
src/pages/Admin/Promotions/Promotions.tsx(195,15): error TS2322: Type '(id: string) => Promise<void>' is not assignable to type '(id: number) => void'.
  Types of parameters 'id' and 'id' are incompatible.
    Type 'number' is not assignable to type 'string'.
src/pages/Admin/Users/components/UserDetailModal.tsx(160,12): error TS2769: No overload matches this call.
  Overload 1 of 2, '(props: { component: ElementType<any, keyof IntrinsicElements>; } & GridBaseProps & { sx?: SxProps<Theme> | undefined; } & SystemProps<...> & Omit<...>): Element | null', gave the following error.
    Property 'component' is missing in type '{ children: Element; size: number; md: number; }' but required in type '{ component: ElementType<any, keyof IntrinsicElements>; }'.
  Overload 2 of 2, '(props: DefaultComponentProps<GridTypeMap<{}, "div">>): Element | null', gave the following error.
    Type '{ children: Element; size: number; md: number; }' is not assignable to type 'IntrinsicAttributes & GridBaseProps & { sx?: SxProps<Theme> | undefined; } & SystemProps<Theme> & Omit<...>'.
      Property 'md' does not exist on type 'IntrinsicAttributes & GridBaseProps & { sx?: SxProps<Theme> | undefined; } & SystemProps<Theme> & Omit<...>'.
src/pages/Admin/Users/components/UserDetailModal.tsx(336,14): error TS2769: No overload matches this call.
  Overload 1 of 2, '(props: { component: ElementType<any, keyof IntrinsicElements>; } & GridBaseProps & { sx?: SxProps<Theme> | undefined; } & SystemProps<...> & Omit<...>): Element | null', gave the following error.
    Property 'component' is missing in type '{ children: Element[]; size: number; md: number; }' but required in type '{ component: ElementType<any, keyof IntrinsicElements>; }'.
  Overload 2 of 2, '(props: DefaultComponentProps<GridTypeMap<{}, "div">>): Element | null', gave the following error.
    Type '{ children: Element[]; size: number; md: number; }' is not assignable to type 'IntrinsicAttributes & GridBaseProps & { sx?: SxProps<Theme> | undefined; } & SystemProps<Theme> & Omit<...>'.
      Property 'md' does not exist on type 'IntrinsicAttributes & GridBaseProps & { sx?: SxProps<Theme> | undefined; } & SystemProps<Theme> & Omit<...>'.
src/pages/Admin/Users/hooks/useUserData.ts(51,36): error TS2345: Argument of type '{ page: number; limit: number; keyword: string | undefined; role: string | undefined; status: string | undefined; order: string | undefined; }' is not assignable to parameter of type 'GetUsersParams'.
  Types of property 'order' are incompatible.
    Type 'string | undefined' is not assignable to type '"desc" | "asc" | undefined'.
      Type 'string' is not assignable to type '"desc" | "asc" | undefined'.
src/pages/Costumer/ReviewProduct/components/ProductPreview.tsx(1,1): error TS6133: 'React' is declared but its value is never read.
src/pages/Costumer/ReviewProduct/components/ReviewForm.tsx(1,8): error TS6133: 'React' is declared but its value is never read.
src/pages/Costumer/ReviewProduct/ReviewProduct.tsx(1,8): error TS6133: 'React' is declared but its value is never read.
src/pages/Costumer/ReviewProduct/ReviewProduct.tsx(2,15): error TS6133: 'Container' is declared but its value is never read.
src/pages/Costumer/UserProfile/components/ProfileInfo.tsx(1,8): error TS6133: 'React' is declared but its value is never read.
src/pages/Costumer/UserProfile/components/ProfileInfo.tsx(8,3): error TS6133: 'Divider' is declared but its value is never read.
src/pages/Costumer/UserProfile/components/ProfileInfo.tsx(40,9): error TS6133: 'currentUserId' is declared but its value is never read.
src/pages/Costumer/UserProfile/components/ProfileInfo.tsx(201,12): error TS2769: No overload matches this call.
  Overload 1 of 2, '(props: { component: ElementType<any, keyof IntrinsicElements>; } & GridBaseProps & { sx?: SxProps<Theme> | undefined; } & SystemProps<...> & Omit<...>): Element | null', gave the following error.
    Property 'component' is missing in type '{ children: Element; item: true; xs: number; md: number; lg: number; }' but required in type '{ component: ElementType<any, keyof IntrinsicElements>; }'.
  Overload 2 of 2, '(props: DefaultComponentProps<GridTypeMap<{}, "div">>): Element | null', gave the following error.
    Type '{ children: Element; item: true; xs: number; md: number; lg: number; }' is not assignable to type 'IntrinsicAttributes & GridBaseProps & { sx?: SxProps<Theme> | undefined; } & SystemProps<Theme> & Omit<...>'.
      Property 'item' does not exist on type 'IntrinsicAttributes & GridBaseProps & { sx?: SxProps<Theme> | undefined; } & SystemProps<Theme> & Omit<...>'.
src/pages/Costumer/UserProfile/components/ProfileInfo.tsx(221,12): error TS2769: No overload matches this call.
  Overload 1 of 2, '(props: { component: ElementType<any, keyof IntrinsicElements>; } & GridBaseProps & { sx?: SxProps<Theme> | undefined; } & SystemProps<...> & Omit<...>): Element | null', gave the following error.
    Property 'component' is missing in type '{ children: Element; item: true; xs: number; md: number; lg: number; }' but required in type '{ component: ElementType<any, keyof IntrinsicElements>; }'.
  Overload 2 of 2, '(props: DefaultComponentProps<GridTypeMap<{}, "div">>): Element | null', gave the following error.
    Type '{ children: Element; item: true; xs: number; md: number; lg: number; }' is not assignable to type 'IntrinsicAttributes & GridBaseProps & { sx?: SxProps<Theme> | undefined; } & SystemProps<Theme> & Omit<...>'.
      Property 'item' does not exist on type 'IntrinsicAttributes & GridBaseProps & { sx?: SxProps<Theme> | undefined; } & SystemProps<Theme> & Omit<...>'.
src/pages/Costumer/UserProfile/UserProfile.tsx(1,8): error TS6133: 'React' is declared but its value is never read.
src/pages/Costumer/UserProfile/UserProfile.tsx(42,12): error TS2769: No overload matches this call.
  Overload 1 of 2, '(props: { component: ElementType<any, keyof IntrinsicElements>; } & GridBaseProps & { sx?: SxProps<Theme> | undefined; } & SystemProps<...> & Omit<...>): Element | null', gave the following error.
    Property 'component' is missing in type '{ children: Element; item: true; xs: number; md: number; }' but required in type '{ component: ElementType<any, keyof IntrinsicElements>; }'.
  Overload 2 of 2, '(props: DefaultComponentProps<GridTypeMap<{}, "div">>): Element | null', gave the following error.
    Type '{ children: Element; item: true; xs: number; md: number; }' is not assignable to type 'IntrinsicAttributes & GridBaseProps & { sx?: SxProps<Theme> | undefined; } & SystemProps<Theme> & Omit<...>'.
      Property 'item' does not exist on type 'IntrinsicAttributes & GridBaseProps & { sx?: SxProps<Theme> | undefined; } & SystemProps<Theme> & Omit<...>'.
src/pages/Costumer/UserProfile/UserProfile.tsx(48,12): error TS2769: No overload matches this call.
  Overload 1 of 2, '(props: { component: ElementType<any, keyof IntrinsicElements>; } & GridBaseProps & { sx?: SxProps<Theme> | undefined; } & SystemProps<...> & Omit<...>): Element | null', gave the following error.
    Property 'component' is missing in type '{ children: (false | Element)[]; item: true; xs: number; md: number; }' but required in type '{ component: ElementType<any, keyof IntrinsicElements>; }'.
  Overload 2 of 2, '(props: DefaultComponentProps<GridTypeMap<{}, "div">>): Element | null', gave the following error.
    Type '{ children: (false | Element)[]; item: true; xs: number; md: number; }' is not assignable to type 'IntrinsicAttributes & GridBaseProps & { sx?: SxProps<Theme> | undefined; } & SystemProps<Theme> & Omit<...>'.
      Property 'item' does not exist on type 'IntrinsicAttributes & GridBaseProps & { sx?: SxProps<Theme> | undefined; } & SystemProps<Theme> & Omit<...>'.
src/pages/Customer/Cart/components/CartItem.tsx(38,10): error TS6133: 'selectedColor' is declared but its value is never read.
src/pages/Customer/Cart/types.ts(1,1): error TS6192: All imports in import declaration are unused.
src/pages/Customer/Checkout/components/OrderSummary.tsx(10,3): error TS6133: 'InputAdornment' is declared but its value is never read.
src/pages/Customer/Checkout/hooks/useCheckout.ts(7,3): error TS6133: 'createOrder' is declared but its value is never read.
src/pages/Customer/Checkout/hooks/useCheckout.ts(13,23): error TS6196: 'CreateOrderPayload' is declared but never used.
src/pages/Customer/Checkout/types.ts(2,1): error TS6133: 'CartItem' is declared but its value is never read.
src/pages/Customer/Homepage/components/Collection.tsx(40,8): error TS2769: No overload matches this call.
  Overload 1 of 2, '(props: { component: ElementType<any, keyof IntrinsicElements>; } & ImageListOwnProps & CommonProps & Omit<any, "children" | ... 7 more ... | "rowHeight">): Element | null', gave the following error.
    Property 'component' is missing in type '{ children: Element[]; variant: "quilted"; cols: number; rows: number; rowHeight: number; gap: number; sx: { width: string; m: number; bgcolor: "transparent"; }; }' but required in type '{ component: ElementType<any, keyof IntrinsicElements>; }'.
  Overload 2 of 2, '(props: DefaultComponentProps<ImageListTypeMap<{}, "ul">>): Element | null', gave the following error.
    Type '{ children: Element[]; variant: "quilted"; cols: number; rows: number; rowHeight: number; gap: number; sx: { width: string; m: number; bgcolor: "transparent"; }; }' is not assignable to type 'IntrinsicAttributes & ImageListOwnProps & CommonProps & Omit<DetailedHTMLProps<HTMLAttributes<HTMLUListElement>, HTMLUListElement>, "children" | ... 7 more ... | "rowHeight">'.
      Property 'rows' does not exist on type 'IntrinsicAttributes & ImageListOwnProps & CommonProps & Omit<DetailedHTMLProps<HTMLAttributes<HTMLUListElement>, HTMLUListElement>, "children" | ... 7 more ... | "rowHeight">'.
src/pages/Customer/Homepage/components/StatsSection.tsx(15,10): error TS2769: No overload matches this call.
  Overload 1 of 2, '(props: { component: ElementType<any, keyof IntrinsicElements>; } & GridBaseProps & { sx?: SxProps<Theme> | undefined; } & SystemProps<...> & Omit<...>): Element | null', gave the following error.
    Property 'component' is missing in type '{ children: (string | Element)[]; item: true; sx: { flex: number; }; }' but required in type '{ component: ElementType<any, keyof IntrinsicElements>; }'.
  Overload 2 of 2, '(props: DefaultComponentProps<GridTypeMap<{}, "div">>): Element | null', gave the following error.
    Type '{ children: (string | Element)[]; item: true; sx: { flex: number; }; }' is not assignable to type 'IntrinsicAttributes & GridBaseProps & { sx?: SxProps<Theme> | undefined; } & SystemProps<Theme> & Omit<...>'.
      Property 'item' does not exist on type 'IntrinsicAttributes & GridBaseProps & { sx?: SxProps<Theme> | undefined; } & SystemProps<Theme> & Omit<...>'.
src/pages/Customer/Homepage/components/StatsSection.tsx(57,10): error TS2769: No overload matches this call.
  Overload 1 of 2, '(props: { component: ElementType<any, keyof IntrinsicElements>; } & GridBaseProps & { sx?: SxProps<Theme> | undefined; } & SystemProps<...> & Omit<...>): Element | null', gave the following error.
    Property 'component' is missing in type '{ children: (string | Element)[]; item: true; sx: { flex: number; }; }' but required in type '{ component: ElementType<any, keyof IntrinsicElements>; }'.
  Overload 2 of 2, '(props: DefaultComponentProps<GridTypeMap<{}, "div">>): Element | null', gave the following error.
    Type '{ children: (string | Element)[]; item: true; sx: { flex: number; }; }' is not assignable to type 'IntrinsicAttributes & GridBaseProps & { sx?: SxProps<Theme> | undefined; } & SystemProps<Theme> & Omit<...>'.
      Property 'item' does not exist on type 'IntrinsicAttributes & GridBaseProps & { sx?: SxProps<Theme> | undefined; } & SystemProps<Theme> & Omit<...>'.
src/pages/Customer/Payment/Payment.tsx(1,8): error TS6133: 'React' is declared but its value is never read.
src/pages/Customer/Payment/Payment.tsx(100,16): error TS6133: 'event' is declared but its value is never read.
src/pages/Customer/Payment/SuccessOrder.tsx(2,8): error TS6133: 'React' is declared but its value is never read.
src/pages/Customer/ProductDetail/components/Product/ProductForm.tsx(8,28): error TS6133: 'ProductRating' is declared but its value is never read.
src/pages/Customer/ProductDetail/components/Product/ProductForm.tsx(16,8): error TS1261: Already included file name 'D:/UIT/Semester I 2526/SE347/ShateShoesStore/frontend/src/services/productdetailsServices.ts' differs from file name 'D:/UIT/Semester I 2526/SE347/ShateShoesStore/frontend/src/services/productDetailsServices.ts' only in casing.
  The file is in the program because:
    Imported via "../../../../../services/productdetailsServices" from file 'D:/UIT/Semester I 2526/SE347/ShateShoesStore/frontend/src/pages/Customer/ProductDetail/components/Product/ProductForm.tsx'
    Imported via "../../../services/productDetailsServices" from file 'D:/UIT/Semester I 2526/SE347/ShateShoesStore/frontend/src/pages/Customer/ProductDetail/ProductDetail.tsx'
    Imported via "../../../services/productdetailsServices" from file 'D:/UIT/Semester I 2526/SE347/ShateShoesStore/frontend/src/pages/Customer/Cart/types.ts'
    Matched by include pattern 'src' in 'tsconfig.app.json'
src/pages/Customer/ProductDetail/components/Recomendation/Recomendation.tsx(96,14): error TS2769: No overload matches this call.
  Overload 1 of 2, '(props: { component: ElementType<any, keyof IntrinsicElements>; } & GridBaseProps & { sx?: SxProps<Theme> | undefined; } & SystemProps<...> & Omit<...>): Element | null', gave the following error.
    Property 'component' is missing in type '{ children: Element; item: true; xs: number; md: number; key: string; }' but required in type '{ component: ElementType<any, keyof IntrinsicElements>; }'.
  Overload 2 of 2, '(props: DefaultComponentProps<GridTypeMap<{}, "div">>): Element | null', gave the following error.
    Type '{ children: Element; item: true; xs: number; md: number; key: string; }' is not assignable to type 'IntrinsicAttributes & GridBaseProps & { sx?: SxProps<Theme> | undefined; } & SystemProps<Theme> & Omit<...>'.
      Property 'item' does not exist on type 'IntrinsicAttributes & GridBaseProps & { sx?: SxProps<Theme> | undefined; } & SystemProps<Theme> & Omit<...>'.
src/pages/Customer/ProductDetail/components/Review/ReviewList.tsx(109,16): error TS2769: No overload matches this call.
  Overload 1 of 2, '(props: { component: ElementType<any, keyof IntrinsicElements>; } & GridBaseProps & { sx?: SxProps<Theme> | undefined; } & SystemProps<...> & Omit<...>): Element | null', gave the following error.
    Property 'component' is missing in type '{ children: Element; item: true; xs: number; sm: number; key: string; sx: { display: "flex"; justifyContent: "center"; }; }' but required in type '{ component: ElementType<any, keyof IntrinsicElements>; }'.
  Overload 2 of 2, '(props: DefaultComponentProps<GridTypeMap<{}, "div">>): Element | null', gave the following error.
    Type '{ children: Element; item: true; xs: number; sm: number; key: string; sx: { display: "flex"; justifyContent: "center"; }; }' is not assignable to type 'IntrinsicAttributes & GridBaseProps & { sx?: SxProps<Theme> | undefined; } & SystemProps<Theme> & Omit<...>'.
      Property 'item' does not exist on type 'IntrinsicAttributes & GridBaseProps & { sx?: SxProps<Theme> | undefined; } & SystemProps<Theme> & Omit<...>'.
src/pages/Customer/ProductDetail/ProductDetail.tsx(13,3): error TS6133: 'COLOR_OPTIONS' is declared but its value is never read.
src/pages/Customer/ProductDetail/ProductDetail.tsx(27,8): error TS1149: File name 'D:/UIT/Semester I 2526/SE347/ShateShoesStore/frontend/src/services/productDetailsServices.ts' differs from already included file name 'D:/UIT/Semester I 2526/SE347/ShateShoesStore/frontend/src/services/productdetailsServices.ts' only in casing.
  The file is in the program because:
    Imported via "../../../../../services/productdetailsServices" from file 'D:/UIT/Semester I 2526/SE347/ShateShoesStore/frontend/src/pages/Customer/ProductDetail/components/Product/ProductForm.tsx'
    Imported via "../../../services/productDetailsServices" from file 'D:/UIT/Semester I 2526/SE347/ShateShoesStore/frontend/src/pages/Customer/ProductDetail/ProductDetail.tsx'
    Imported via "../../../services/productdetailsServices" from file 'D:/UIT/Semester I 2526/SE347/ShateShoesStore/frontend/src/pages/Customer/Cart/types.ts'
    Matched by include pattern 'src' in 'tsconfig.app.json'
src/pages/Customer/ProductDetail/ProductDetail.tsx(50,10): error TS6133: 'loading' is declared but its value is never read.
src/pages/Customer/ProductDetail/ProductDetail.tsx(75,13): error TS18046: 'err' is of type 'unknown'.
src/pages/Customer/ProductDetail/ProductDetail.tsx(92,25): error TS2339: Property 'message' does not exist on type 'never'.
src/pages/Customer/ProductDetail/ProductDetail.tsx(103,25): error TS2339: Property 'message' does not exist on type 'never'.
src/pages/Customer/ProductList/components/CategorySidebar/CategoryItem.tsx(12,37): error TS2307: Cannot find module '../../../services/productListServices' or its corresponding type declarations.
src/pages/Customer/ProductList/components/CategorySidebar/CategoryItem.tsx(29,8): error TS7006: Parameter 'child' implicitly has an 'any' type.
src/pages/Customer/ProductList/components/CategorySidebar/CategoryItem.tsx(75,35): error TS7006: Parameter 'child' implicitly has an 'any' type.
src/pages/Customer/ProductList/components/CategorySidebar/CategorySidebar.tsx(1,1): error TS6133: 'React' is declared but its value is never read.
src/pages/Customer/ProductList/components/CategorySidebar/CategorySidebar.tsx(5,37): error TS2307: Cannot find module '../../../services/productListServices' or its corresponding type declarations.
src/pages/Customer/ProductList/components/CategorySidebar/CategorySidebar.tsx(6,1): error TS6133: 'GridViewIcon' is declared but its value is never read.
src/pages/Customer/ProductList/components/Pagination/Pagination.tsx(1,1): error TS6133: 'React' is declared but its value is never read.
src/pages/Customer/ProductList/components/ProductGrid/EmptyState.tsx(2,1): error TS6133: 'React' is declared but its value is never read.
